// Jest Snapshot v1, https://goo.gl/fbAQLP

exports[`Building component matches snapshot for artDeco style 1`] = `
<group
  data-style="artDeco"
  position={
    [
      0,
      0,
      0,
    ]
  }
>
  <mesh
    castShadow={true}
    position={
      [
        0,
        6,
        0,
      ]
    }
    receiveShadow={true}
  >
    <boxGeometry
      args={
        [
          5,
          12,
          5,
        ]
      }
    />
    <meshStandardMaterial
      color={9075306}
      metalness={0.1}
      roughness={0.8}
    />
  </mesh>
  <group
    position={
      [
        0,
        0,
        2.5,
      ]
    }
  >
    <mesh
      position={
        [
          -1.5166666666666668,
          1.7999999999999998,
          0.1,
        ]
      }
      scale={
        [
          1.1666666666666667,
          2.0999999999999996,
          1,
        ]
      }
    >
      <planeGeometry
        args={
          [
            1,
            1,
          ]
        }
      />
      <meshStandardMaterial
        color="#ffd9a0"
        emissive="#ffd9a0"
        emissiveIntensity={0.6}
        toneMapped={false}
      />
    </mesh>
    <mesh
      position={
        [
          0,
          1.7999999999999998,
          0.1,
        ]
      }
      scale={
        [
          1.1666666666666667,
          2.0999999999999996,
          1,
        ]
      }
    >
      <planeGeometry
        args={
          [
            1,
            1,
          ]
        }
      />
      <meshStandardMaterial
        color="#ffd9a0"
        emissive="#ffd9a0"
        emissiveIntensity={0.6}
        toneMapped={false}
      />
    </mesh>
    <mesh
      position={
        [
          1.5166666666666668,
          1.7999999999999998,
          0.1,
        ]
      }
      scale={
        [
          1.1666666666666667,
          2.0999999999999996,
          1,
        ]
      }
    >
      <planeGeometry
        args={
          [
            1,
            1,
          ]
        }
      />
      <meshStandardMaterial
        color="#ffd9a0"
        emissive="#ffd9a0"
        emissiveIntensity={0.6}
        toneMapped={false}
      />
    </mesh>
    <mesh
      position={
        [
          -1.5166666666666668,
          4.529999999999999,
          0.1,
        ]
      }
      scale={
        [
          1.1666666666666667,
          2.0999999999999996,
          1,
        ]
      }
    >
      <planeGeometry
        args={
          [
            1,
            1,
          ]
        }
      />
      <meshStandardMaterial
        color="#ffd9a0"
        emissive="#ffd9a0"
        emissiveIntensity={0.6}
        toneMapped={false}
      />
    </mesh>
    <mesh
      position={
        [
          0,
          4.529999999999999,
          0.1,
        ]
      }
      scale={
        [
          1.1666666666666667,
          2.0999999999999996,
          1,
        ]
      }
    >
      <planeGeometry
        args={
          [
            1,
            1,
          ]
        }
      />
      <meshStandardMaterial
        color="#ffd9a0"
        emissive="#ffd9a0"
        emissiveIntensity={0.6}
        toneMapped={false}
      />
    </mesh>
    <mesh
      position={
        [
          1.5166666666666668,
          4.529999999999999,
          0.1,
        ]
      }
      scale={
        [
          1.1666666666666667,
          2.0999999999999996,
          1,
        ]
      }
    >
      <planeGeometry
        args={
          [
            1,
            1,
          ]
        }
      />
      <meshStandardMaterial
        color="#ffd9a0"
        emissive="#ffd9a0"
        emissiveIntensity={0.6}
        toneMapped={false}
      />
    </mesh>
    <mesh
      position={
        [
          -1.5166666666666668,
          7.259999999999999,
          0.1,
        ]
      }
      scale={
        [
          1.1666666666666667,
          2.0999999999999996,
          1,
        ]
      }
    >
      <planeGeometry
        args={
          [
            1,
            1,
          ]
        }
      />
      <meshStandardMaterial
        color="#ffd9a0"
        emissive="#ffd9a0"
        emissiveIntensity={0.6}
        toneMapped={false}
      />
    </mesh>
    <mesh
      position={
        [
          0,
          7.259999999999999,
          0.1,
        ]
      }
      scale={
        [
          1.1666666666666667,
          2.0999999999999996,
          1,
        ]
      }
    >
      <planeGeometry
        args={
          [
            1,
            1,
          ]
        }
      />
      <meshStandardMaterial
        color="#ffd9a0"
        emissive="#ffd9a0"
        emissiveIntensity={0.6}
        toneMapped={false}
      />
    </mesh>
    <mesh
      position={
        [
          1.5166666666666668,
          7.259999999999999,
          0.1,
        ]
      }
      scale={
        [
          1.1666666666666667,
          2.0999999999999996,
          1,
        ]
      }
    >
      <planeGeometry
        args={
          [
            1,
            1,
          ]
        }
      />
      <meshStandardMaterial
        color="#ffd9a0"
        emissive="#ffd9a0"
        emissiveIntensity={0.6}
        toneMapped={false}
      />
    </mesh>
    <mesh
      position={
        [
          -1.5166666666666668,
          9.989999999999998,
          0.1,
        ]
      }
      scale={
        [
          1.1666666666666667,
          2.0999999999999996,
          1,
        ]
      }
    >
      <planeGeometry
        args={
          [
            1,
            1,
          ]
        }
      />
      <meshStandardMaterial
        color="#ffd9a0"
        emissive="#ffd9a0"
        emissiveIntensity={0.6}
        toneMapped={false}
      />
    </mesh>
    <mesh
      position={
        [
          0,
          9.989999999999998,
          0.1,
        ]
      }
      scale={
        [
          1.1666666666666667,
          2.0999999999999996,
          1,
        ]
      }
    >
      <planeGeometry
        args={
          [
            1,
            1,
          ]
        }
      />
      <meshStandardMaterial
        color="#ffd9a0"
        emissive="#ffd9a0"
        emissiveIntensity={0.6}
        toneMapped={false}
      />
    </mesh>
    <mesh
      position={
        [
          1.5166666666666668,
          9.989999999999998,
          0.1,
        ]
      }
      scale={
        [
          1.1666666666666667,
          2.0999999999999996,
          1,
        ]
      }
    >
      <planeGeometry
        args={
          [
            1,
            1,
          ]
        }
      />
      <meshStandardMaterial
        color="#ffd9a0"
        emissive="#ffd9a0"
        emissiveIntensity={0.6}
        toneMapped={false}
      />
    </mesh>
  </group>
  <group
    position={
      [
        0,
        12,
        0,
      ]
    }
  >
    <group>
      <mesh
        castShadow={true}
        position={
          [
            0,
            1,
            0,
          ]
        }
      >
        <boxGeometry
          args={
            [
              3.5,
              2,
              3.5,
            ]
          }
        />
        <meshStandardMaterial
          color="#6b5b4a"
        />
      </mesh>
    </group>
  </group>
</group>
`;

exports[`Building component matches snapshot for glassTower style 1`] = `
<group
  data-style="glassTower"
  position={
    [
      0,
      0,
      0,
    ]
  }
>
  <mesh
    castShadow={true}
    position={
      [
        0,
        20,
        0,
      ]
    }
    receiveShadow={true}
  >
    <boxGeometry
      args={
        [
          6,
          40,
          6,
        ]
      }
    />
    <meshStandardMaterial
      color={4876938}
      metalness={0.1}
      roughness={0.8}
    />
  </mesh>
  <group
    position={
      [
        0,
        0,
        3,
      ]
    }
  >
    <mesh
      position={
        [
          -2.1839999999999997,
          6,
          0.11,
        ]
      }
      scale={
        [
          0.8399999999999999,
          2.3333333333333335,
          1,
        ]
      }
    >
      <planeGeometry
        args={
          [
            1,
            1,
          ]
        }
      />
      <meshStandardMaterial
        color="#80c0ff"
        emissive="#80c0ff"
        emissiveIntensity={0.8}
        toneMapped={false}
      />
    </mesh>
    <mesh
      position={
        [
          -1.0919999999999999,
          6,
          0.11,
        ]
      }
      scale={
        [
          0.8399999999999999,
          2.3333333333333335,
          1,
        ]
      }
    >
      <planeGeometry
        args={
          [
            1,
            1,
          ]
        }
      />
      <meshStandardMaterial
        color="#80c0ff"
        emissive="#80c0ff"
        emissiveIntensity={0.8}
        toneMapped={false}
      />
    </mesh>
    <mesh
      position={
        [
          0,
          6,
          0.11,
        ]
      }
      scale={
        [
          0.8399999999999999,
          2.3333333333333335,
          1,
        ]
      }
    >
      <planeGeometry
        args={
          [
            1,
            1,
          ]
        }
      />
      <meshStandardMaterial
        color="#80c0ff"
        emissive="#80c0ff"
        emissiveIntensity={0.8}
        toneMapped={false}
      />
    </mesh>
    <mesh
      position={
        [
          1.0919999999999996,
          6,
          0.11,
        ]
      }
      scale={
        [
          0.8399999999999999,
          2.3333333333333335,
          1,
        ]
      }
    >
      <planeGeometry
        args={
          [
            1,
            1,
          ]
        }
      />
      <meshStandardMaterial
        color="#80c0ff"
        emissive="#80c0ff"
        emissiveIntensity={0.8}
        toneMapped={false}
      />
    </mesh>
    <mesh
      position={
        [
          2.1839999999999997,
          6,
          0.11,
        ]
      }
      scale={
        [
          0.8399999999999999,
          2.3333333333333335,
          1,
        ]
      }
    >
      <planeGeometry
        args={
          [
            1,
            1,
          ]
        }
      />
      <meshStandardMaterial
        color="#80c0ff"
        emissive="#80c0ff"
        emissiveIntensity={0.8}
        toneMapped={false}
      />
    </mesh>
    <mesh
      position={
        [
          -2.1839999999999997,
          9.033333333333333,
          0.11,
        ]
      }
      scale={
        [
          0.8399999999999999,
          2.3333333333333335,
          1,
        ]
      }
    >
      <planeGeometry
        args={
          [
            1,
            1,
          ]
        }
      />
      <meshStandardMaterial
        color="#80c0ff"
        emissive="#80c0ff"
        emissiveIntensity={0.8}
        toneMapped={false}
      />
    </mesh>
    <mesh
      position={
        [
          -1.0919999999999999,
          9.033333333333333,
          0.11,
        ]
      }
      scale={
        [
          0.8399999999999999,
          2.3333333333333335,
          1,
        ]
      }
    >
      <planeGeometry
        args={
          [
            1,
            1,
          ]
        }
      />
      <meshStandardMaterial
        color="#80c0ff"
        emissive="#80c0ff"
        emissiveIntensity={0.8}
        toneMapped={false}
      />
    </mesh>
    <mesh
      position={
        [
          0,
          9.033333333333333,
          0.11,
        ]
      }
      scale={
        [
          0.8399999999999999,
          2.3333333333333335,
          1,
        ]
      }
    >
      <planeGeometry
        args={
          [
            1,
            1,
          ]
        }
      />
      <meshStandardMaterial
        color="#80c0ff"
        emissive="#80c0ff"
        emissiveIntensity={0.8}
        toneMapped={false}
      />
    </mesh>
    <mesh
      position={
        [
          1.0919999999999996,
          9.033333333333333,
          0.11,
        ]
      }
      scale={
        [
          0.8399999999999999,
          2.3333333333333335,
          1,
        ]
      }
    >
      <planeGeometry
        args={
          [
            1,
            1,
          ]
        }
      />
      <meshStandardMaterial
        color="#80c0ff"
        emissive="#80c0ff"
        emissiveIntensity={0.8}
        toneMapped={false}
      />
    </mesh>
    <mesh
      position={
        [
          2.1839999999999997,
          9.033333333333333,
          0.11,
        ]
      }
      scale={
        [
          0.8399999999999999,
          2.3333333333333335,
          1,
        ]
      }
    >
      <planeGeometry
        args={
          [
            1,
            1,
          ]
        }
      />
      <meshStandardMaterial
        color="#80c0ff"
        emissive="#80c0ff"
        emissiveIntensity={0.8}
        toneMapped={false}
      />
    </mesh>
    <mesh
      position={
        [
          -2.1839999999999997,
          12.066666666666666,
          0.11,
        ]
      }
      scale={
        [
          0.8399999999999999,
          2.3333333333333335,
          1,
        ]
      }
    >
      <planeGeometry
        args={
          [
            1,
            1,
          ]
        }
      />
      <meshStandardMaterial
        color="#80c0ff"
        emissive="#80c0ff"
        emissiveIntensity={0.8}
        toneMapped={false}
      />
    </mesh>
    <mesh
      position={
        [
          -1.0919999999999999,
          12.066666666666666,
          0.11,
        ]
      }
      scale={
        [
          0.8399999999999999,
          2.3333333333333335,
          1,
        ]
      }
    >
      <planeGeometry
        args={
          [
            1,
            1,
          ]
        }
      />
      <meshStandardMaterial
        color="#80c0ff"
        emissive="#80c0ff"
        emissiveIntensity={0.8}
        toneMapped={false}
      />
    </mesh>
    <mesh
      position={
        [
          0,
          12.066666666666666,
          0.11,
        ]
      }
      scale={
        [
          0.8399999999999999,
          2.3333333333333335,
          1,
        ]
      }
    >
      <planeGeometry
        args={
          [
            1,
            1,
          ]
        }
      />
      <meshStandardMaterial
        color="#80c0ff"
        emissive="#80c0ff"
        emissiveIntensity={0.8}
        toneMapped={false}
      />
    </mesh>
    <mesh
      position={
        [
          1.0919999999999996,
          12.066666666666666,
          0.11,
        ]
      }
      scale={
        [
          0.8399999999999999,
          2.3333333333333335,
          1,
        ]
      }
    >
      <planeGeometry
        args={
          [
            1,
            1,
          ]
        }
      />
      <meshStandardMaterial
        color="#80c0ff"
        emissive="#80c0ff"
        emissiveIntensity={0.8}
        toneMapped={false}
      />
    </mesh>
    <mesh
      position={
        [
          2.1839999999999997,
          12.066666666666666,
          0.11,
        ]
      }
      scale={
        [
          0.8399999999999999,
          2.3333333333333335,
          1,
        ]
      }
    >
      <planeGeometry
        args={
          [
            1,
            1,
          ]
        }
      />
      <meshStandardMaterial
        color="#80c0ff"
        emissive="#80c0ff"
        emissiveIntensity={0.8}
        toneMapped={false}
      />
    </mesh>
    <mesh
      position={
        [
          -2.1839999999999997,
          15.1,
          0.11,
        ]
      }
      scale={
        [
          0.8399999999999999,
          2.3333333333333335,
          1,
        ]
      }
    >
      <planeGeometry
        args={
          [
            1,
            1,
          ]
        }
      />
      <meshStandardMaterial
        color="#80c0ff"
        emissive="#80c0ff"
        emissiveIntensity={0.8}
        toneMapped={false}
      />
    </mesh>
    <mesh
      position={
        [
          -1.0919999999999999,
          15.1,
          0.11,
        ]
      }
      scale={
        [
          0.8399999999999999,
          2.3333333333333335,
          1,
        ]
      }
    >
      <planeGeometry
        args={
          [
            1,
            1,
          ]
        }
      />
      <meshStandardMaterial
        color="#80c0ff"
        emissive="#80c0ff"
        emissiveIntensity={0.8}
        toneMapped={false}
      />
    </mesh>
    <mesh
      position={
        [
          0,
          15.1,
          0.11,
        ]
      }
      scale={
        [
          0.8399999999999999,
          2.3333333333333335,
          1,
        ]
      }
    >
      <planeGeometry
        args={
          [
            1,
            1,
          ]
        }
      />
      <meshStandardMaterial
        color="#80c0ff"
        emissive="#80c0ff"
        emissiveIntensity={0.8}
        toneMapped={false}
      />
    </mesh>
    <mesh
      position={
        [
          1.0919999999999996,
          15.1,
          0.11,
        ]
      }
      scale={
        [
          0.8399999999999999,
          2.3333333333333335,
          1,
        ]
      }
    >
      <planeGeometry
        args={
          [
            1,
            1,
          ]
        }
      />
      <meshStandardMaterial
        color="#80c0ff"
        emissive="#80c0ff"
        emissiveIntensity={0.8}
        toneMapped={false}
      />
    </mesh>
    <mesh
      position={
        [
          2.1839999999999997,
          15.1,
          0.11,
        ]
      }
      scale={
        [
          0.8399999999999999,
          2.3333333333333335,
          1,
        ]
      }
    >
      <planeGeometry
        args={
          [
            1,
            1,
          ]
        }
      />
      <meshStandardMaterial
        color="#80c0ff"
        emissive="#80c0ff"
        emissiveIntensity={0.8}
        toneMapped={false}
      />
    </mesh>
    <mesh
      position={
        [
          -2.1839999999999997,
          18.133333333333333,
          0.11,
        ]
      }
      scale={
        [
          0.8399999999999999,
          2.3333333333333335,
          1,
        ]
      }
    >
      <planeGeometry
        args={
          [
            1,
            1,
          ]
        }
      />
      <meshStandardMaterial
        color="#80c0ff"
        emissive="#80c0ff"
        emissiveIntensity={0.8}
        toneMapped={false}
      />
    </mesh>
    <mesh
      position={
        [
          -1.0919999999999999,
          18.133333333333333,
          0.11,
        ]
      }
      scale={
        [
          0.8399999999999999,
          2.3333333333333335,
          1,
        ]
      }
    >
      <planeGeometry
        args={
          [
            1,
            1,
          ]
        }
      />
      <meshStandardMaterial
        color="#80c0ff"
        emissive="#80c0ff"
        emissiveIntensity={0.8}
        toneMapped={false}
      />
    </mesh>
    <mesh
      position={
        [
          0,
          18.133333333333333,
          0.11,
        ]
      }
      scale={
        [
          0.8399999999999999,
          2.3333333333333335,
          1,
        ]
      }
    >
      <planeGeometry
        args={
          [
            1,
            1,
          ]
        }
      />
      <meshStandardMaterial
        color="#80c0ff"
        emissive="#80c0ff"
        emissiveIntensity={0.8}
        toneMapped={false}
      />
    </mesh>
    <mesh
      position={
        [
          1.0919999999999996,
          18.133333333333333,
          0.11,
        ]
      }
      scale={
        [
          0.8399999999999999,
          2.3333333333333335,
          1,
        ]
      }
    >
      <planeGeometry
        args={
          [
            1,
            1,
          ]
        }
      />
      <meshStandardMaterial
        color="#80c0ff"
        emissive="#80c0ff"
        emissiveIntensity={0.8}
        toneMapped={false}
      />
    </mesh>
    <mesh
      position={
        [
          2.1839999999999997,
          18.133333333333333,
          0.11,
        ]
      }
      scale={
        [
          0.8399999999999999,
          2.3333333333333335,
          1,
        ]
      }
    >
      <planeGeometry
        args={
          [
            1,
            1,
          ]
        }
      />
      <meshStandardMaterial
        color="#80c0ff"
        emissive="#80c0ff"
        emissiveIntensity={0.8}
        toneMapped={false}
      />
    </mesh>
    <mesh
      position={
        [
          -2.1839999999999997,
          21.166666666666668,
          0.11,
        ]
      }
      scale={
        [
          0.8399999999999999,
          2.3333333333333335,
          1,
        ]
      }
    >
      <planeGeometry
        args={
          [
            1,
            1,
          ]
        }
      />
      <meshStandardMaterial
        color="#80c0ff"
        emissive="#80c0ff"
        emissiveIntensity={0.8}
        toneMapped={false}
      />
    </mesh>
    <mesh
      position={
        [
          -1.0919999999999999,
          21.166666666666668,
          0.11,
        ]
      }
      scale={
        [
          0.8399999999999999,
          2.3333333333333335,
          1,
        ]
      }
    >
      <planeGeometry
        args={
          [
            1,
            1,
          ]
        }
      />
      <meshStandardMaterial
        color="#80c0ff"
        emissive="#80c0ff"
        emissiveIntensity={0.8}
        toneMapped={false}
      />
    </mesh>
    <mesh
      position={
        [
          0,
          21.166666666666668,
          0.11,
        ]
      }
      scale={
        [
          0.8399999999999999,
          2.3333333333333335,
          1,
        ]
      }
    >
      <planeGeometry
        args={
          [
            1,
            1,
          ]
        }
      />
      <meshStandardMaterial
        color="#80c0ff"
        emissive="#80c0ff"
        emissiveIntensity={0.8}
        toneMapped={false}
      />
    </mesh>
    <mesh
      position={
        [
          1.0919999999999996,
          21.166666666666668,
          0.11,
        ]
      }
      scale={
        [
          0.8399999999999999,
          2.3333333333333335,
          1,
        ]
      }
    >
      <planeGeometry
        args={
          [
            1,
            1,
          ]
        }
      />
      <meshStandardMaterial
        color="#80c0ff"
        emissive="#80c0ff"
        emissiveIntensity={0.8}
        toneMapped={false}
      />
    </mesh>
    <mesh
      position={
        [
          2.1839999999999997,
          21.166666666666668,
          0.11,
        ]
      }
      scale={
        [
          0.8399999999999999,
          2.3333333333333335,
          1,
        ]
      }
    >
      <planeGeometry
        args={
          [
            1,
            1,
          ]
        }
      />
      <meshStandardMaterial
        color="#80c0ff"
        emissive="#80c0ff"
        emissiveIntensity={0.8}
        toneMapped={false}
      />
    </mesh>
    <mesh
      position={
        [
          -2.1839999999999997,
          24.2,
          0.11,
        ]
      }
      scale={
        [
          0.8399999999999999,
          2.3333333333333335,
          1,
        ]
      }
    >
      <planeGeometry
        args={
          [
            1,
            1,
          ]
        }
      />
      <meshStandardMaterial
        color="#80c0ff"
        emissive="#80c0ff"
        emissiveIntensity={0.8}
        toneMapped={false}
      />
    </mesh>
    <mesh
      position={
        [
          -1.0919999999999999,
          24.2,
          0.11,
        ]
      }
      scale={
        [
          0.8399999999999999,
          2.3333333333333335,
          1,
        ]
      }
    >
      <planeGeometry
        args={
          [
            1,
            1,
          ]
        }
      />
      <meshStandardMaterial
        color="#80c0ff"
        emissive="#80c0ff"
        emissiveIntensity={0.8}
        toneMapped={false}
      />
    </mesh>
    <mesh
      position={
        [
          0,
          24.2,
          0.11,
        ]
      }
      scale={
        [
          0.8399999999999999,
          2.3333333333333335,
          1,
        ]
      }
    >
      <planeGeometry
        args={
          [
            1,
            1,
          ]
        }
      />
      <meshStandardMaterial
        color="#80c0ff"
        emissive="#80c0ff"
        emissiveIntensity={0.8}
        toneMapped={false}
      />
    </mesh>
    <mesh
      position={
        [
          1.0919999999999996,
          24.2,
          0.11,
        ]
      }
      scale={
        [
          0.8399999999999999,
          2.3333333333333335,
          1,
        ]
      }
    >
      <planeGeometry
        args={
          [
            1,
            1,
          ]
        }
      />
      <meshStandardMaterial
        color="#80c0ff"
        emissive="#80c0ff"
        emissiveIntensity={0.8}
        toneMapped={false}
      />
    </mesh>
    <mesh
      position={
        [
          2.1839999999999997,
          24.2,
          0.11,
        ]
      }
      scale={
        [
          0.8399999999999999,
          2.3333333333333335,
          1,
        ]
      }
    >
      <planeGeometry
        args={
          [
            1,
            1,
          ]
        }
      />
      <meshStandardMaterial
        color="#80c0ff"
        emissive="#80c0ff"
        emissiveIntensity={0.8}
        toneMapped={false}
      />
    </mesh>
    <mesh
      position={
        [
          -2.1839999999999997,
          27.233333333333338,
          0.11,
        ]
      }
      scale={
        [
          0.8399999999999999,
          2.3333333333333335,
          1,
        ]
      }
    >
      <planeGeometry
        args={
          [
            1,
            1,
          ]
        }
      />
      <meshStandardMaterial
        color="#80c0ff"
        emissive="#80c0ff"
        emissiveIntensity={0.8}
        toneMapped={false}
      />
    </mesh>
    <mesh
      position={
        [
          -1.0919999999999999,
          27.233333333333338,
          0.11,
        ]
      }
      scale={
        [
          0.8399999999999999,
          2.3333333333333335,
          1,
        ]
      }
    >
      <planeGeometry
        args={
          [
            1,
            1,
          ]
        }
      />
      <meshStandardMaterial
        color="#80c0ff"
        emissive="#80c0ff"
        emissiveIntensity={0.8}
        toneMapped={false}
      />
    </mesh>
    <mesh
      position={
        [
          0,
          27.233333333333338,
          0.11,
        ]
      }
      scale={
        [
          0.8399999999999999,
          2.3333333333333335,
          1,
        ]
      }
    >
      <planeGeometry
        args={
          [
            1,
            1,
          ]
        }
      />
      <meshStandardMaterial
        color="#80c0ff"
        emissive="#80c0ff"
        emissiveIntensity={0.8}
        toneMapped={false}
      />
    </mesh>
    <mesh
      position={
        [
          1.0919999999999996,
          27.233333333333338,
          0.11,
        ]
      }
      scale={
        [
          0.8399999999999999,
          2.3333333333333335,
          1,
        ]
      }
    >
      <planeGeometry
        args={
          [
            1,
            1,
          ]
        }
      />
      <meshStandardMaterial
        color="#80c0ff"
        emissive="#80c0ff"
        emissiveIntensity={0.8}
        toneMapped={false}
      />
    </mesh>
    <mesh
      position={
        [
          2.1839999999999997,
          27.233333333333338,
          0.11,
        ]
      }
      scale={
        [
          0.8399999999999999,
          2.3333333333333335,
          1,
        ]
      }
    >
      <planeGeometry
        args={
          [
            1,
            1,
          ]
        }
      />
      <meshStandardMaterial
        color="#80c0ff"
        emissive="#80c0ff"
        emissiveIntensity={0.8}
        toneMapped={false}
      />
    </mesh>
    <mesh
      position={
        [
          -2.1839999999999997,
          30.26666666666667,
          0.11,
        ]
      }
      scale={
        [
          0.8399999999999999,
          2.3333333333333335,
          1,
        ]
      }
    >
      <planeGeometry
        args={
          [
            1,
            1,
          ]
        }
      />
      <meshStandardMaterial
        color="#80c0ff"
        emissive="#80c0ff"
        emissiveIntensity={0.8}
        toneMapped={false}
      />
    </mesh>
    <mesh
      position={
        [
          -1.0919999999999999,
          30.26666666666667,
          0.11,
        ]
      }
      scale={
        [
          0.8399999999999999,
          2.3333333333333335,
          1,
        ]
      }
    >
      <planeGeometry
        args={
          [
            1,
            1,
          ]
        }
      />
      <meshStandardMaterial
        color="#80c0ff"
        emissive="#80c0ff"
        emissiveIntensity={0.8}
        toneMapped={false}
      />
    </mesh>
    <mesh
      position={
        [
          0,
          30.26666666666667,
          0.11,
        ]
      }
      scale={
        [
          0.8399999999999999,
          2.3333333333333335,
          1,
        ]
      }
    >
      <planeGeometry
        args={
          [
            1,
            1,
          ]
        }
      />
      <meshStandardMaterial
        color="#80c0ff"
        emissive="#80c0ff"
        emissiveIntensity={0.8}
        toneMapped={false}
      />
    </mesh>
    <mesh
      position={
        [
          1.0919999999999996,
          30.26666666666667,
          0.11,
        ]
      }
      scale={
        [
          0.8399999999999999,
          2.3333333333333335,
          1,
        ]
      }
    >
      <planeGeometry
        args={
          [
            1,
            1,
          ]
        }
      />
      <meshStandardMaterial
        color="#80c0ff"
        emissive="#80c0ff"
        emissiveIntensity={0.8}
        toneMapped={false}
      />
    </mesh>
    <mesh
      position={
        [
          2.1839999999999997,
          30.26666666666667,
          0.11,
        ]
      }
      scale={
        [
          0.8399999999999999,
          2.3333333333333335,
          1,
        ]
      }
    >
      <planeGeometry
        args={
          [
            1,
            1,
          ]
        }
      />
      <meshStandardMaterial
        color="#80c0ff"
        emissive="#80c0ff"
        emissiveIntensity={0.8}
        toneMapped={false}
      />
    </mesh>
    <mesh
      position={
        [
          -2.1839999999999997,
          33.3,
          0.11,
        ]
      }
      scale={
        [
          0.8399999999999999,
          2.3333333333333335,
          1,
        ]
      }
    >
      <planeGeometry
        args={
          [
            1,
            1,
          ]
        }
      />
      <meshStandardMaterial
        color="#80c0ff"
        emissive="#80c0ff"
        emissiveIntensity={0.8}
        toneMapped={false}
      />
    </mesh>
    <mesh
      position={
        [
          -1.0919999999999999,
          33.3,
          0.11,
        ]
      }
      scale={
        [
          0.8399999999999999,
          2.3333333333333335,
          1,
        ]
      }
    >
      <planeGeometry
        args={
          [
            1,
            1,
          ]
        }
      />
      <meshStandardMaterial
        color="#80c0ff"
        emissive="#80c0ff"
        emissiveIntensity={0.8}
        toneMapped={false}
      />
    </mesh>
    <mesh
      position={
        [
          0,
          33.3,
          0.11,
        ]
      }
      scale={
        [
          0.8399999999999999,
          2.3333333333333335,
          1,
        ]
      }
    >
      <planeGeometry
        args={
          [
            1,
            1,
          ]
        }
      />
      <meshStandardMaterial
        color="#80c0ff"
        emissive="#80c0ff"
        emissiveIntensity={0.8}
        toneMapped={false}
      />
    </mesh>
    <mesh
      position={
        [
          1.0919999999999996,
          33.3,
          0.11,
        ]
      }
      scale={
        [
          0.8399999999999999,
          2.3333333333333335,
          1,
        ]
      }
    >
      <planeGeometry
        args={
          [
            1,
            1,
          ]
        }
      />
      <meshStandardMaterial
        color="#80c0ff"
        emissive="#80c0ff"
        emissiveIntensity={0.8}
        toneMapped={false}
      />
    </mesh>
    <mesh
      position={
        [
          2.1839999999999997,
          33.3,
          0.11,
        ]
      }
      scale={
        [
          0.8399999999999999,
          2.3333333333333335,
          1,
        ]
      }
    >
      <planeGeometry
        args={
          [
            1,
            1,
          ]
        }
      />
      <meshStandardMaterial
        color="#80c0ff"
        emissive="#80c0ff"
        emissiveIntensity={0.8}
        toneMapped={false}
      />
    </mesh>
    <mesh
      position={
        [
          -2.1839999999999997,
          36.333333333333336,
          0.11,
        ]
      }
      scale={
        [
          0.8399999999999999,
          2.3333333333333335,
          1,
        ]
      }
    >
      <planeGeometry
        args={
          [
            1,
            1,
          ]
        }
      />
      <meshStandardMaterial
        color="#80c0ff"
        emissive="#80c0ff"
        emissiveIntensity={0.8}
        toneMapped={false}
      />
    </mesh>
    <mesh
      position={
        [
          -1.0919999999999999,
          36.333333333333336,
          0.11,
        ]
      }
      scale={
        [
          0.8399999999999999,
          2.3333333333333335,
          1,
        ]
      }
    >
      <planeGeometry
        args={
          [
            1,
            1,
          ]
        }
      />
      <meshStandardMaterial
        color="#80c0ff"
        emissive="#80c0ff"
        emissiveIntensity={0.8}
        toneMapped={false}
      />
    </mesh>
    <mesh
      position={
        [
          0,
          36.333333333333336,
          0.11,
        ]
      }
      scale={
        [
          0.8399999999999999,
          2.3333333333333335,
          1,
        ]
      }
    >
      <planeGeometry
        args={
          [
            1,
            1,
          ]
        }
      />
      <meshStandardMaterial
        color="#80c0ff"
        emissive="#80c0ff"
        emissiveIntensity={0.8}
        toneMapped={false}
      />
    </mesh>
    <mesh
      position={
        [
          1.0919999999999996,
          36.333333333333336,
          0.11,
        ]
      }
      scale={
        [
          0.8399999999999999,
          2.3333333333333335,
          1,
        ]
      }
    >
      <planeGeometry
        args={
          [
            1,
            1,
          ]
        }
      />
      <meshStandardMaterial
        color="#80c0ff"
        emissive="#80c0ff"
        emissiveIntensity={0.8}
        toneMapped={false}
      />
    </mesh>
    <mesh
      position={
        [
          2.1839999999999997,
          36.333333333333336,
          0.11,
        ]
      }
      scale={
        [
          0.8399999999999999,
          2.3333333333333335,
          1,
        ]
      }
    >
      <planeGeometry
        args={
          [
            1,
            1,
          ]
        }
      />
      <meshStandardMaterial
        color="#80c0ff"
        emissive="#80c0ff"
        emissiveIntensity={0.8}
        toneMapped={false}
      />
    </mesh>
    <mesh
      position={
        [
          -2.1839999999999997,
          39.36666666666667,
          0.11,
        ]
      }
      scale={
        [
          0.8399999999999999,
          2.3333333333333335,
          1,
        ]
      }
    >
      <planeGeometry
        args={
          [
            1,
            1,
          ]
        }
      />
      <meshStandardMaterial
        color="#80c0ff"
        emissive="#80c0ff"
        emissiveIntensity={0.8}
        toneMapped={false}
      />
    </mesh>
    <mesh
      position={
        [
          -1.0919999999999999,
          39.36666666666667,
          0.11,
        ]
      }
      scale={
        [
          0.8399999999999999,
          2.3333333333333335,
          1,
        ]
      }
    >
      <planeGeometry
        args={
          [
            1,
            1,
          ]
        }
      />
      <meshStandardMaterial
        color="#80c0ff"
        emissive="#80c0ff"
        emissiveIntensity={0.8}
        toneMapped={false}
      />
    </mesh>
    <mesh
      position={
        [
          0,
          39.36666666666667,
          0.11,
        ]
      }
      scale={
        [
          0.8399999999999999,
          2.3333333333333335,
          1,
        ]
      }
    >
      <planeGeometry
        args={
          [
            1,
            1,
          ]
        }
      />
      <meshStandardMaterial
        color="#80c0ff"
        emissive="#80c0ff"
        emissiveIntensity={0.8}
        toneMapped={false}
      />
    </mesh>
    <mesh
      position={
        [
          1.0919999999999996,
          39.36666666666667,
          0.11,
        ]
      }
      scale={
        [
          0.8399999999999999,
          2.3333333333333335,
          1,
        ]
      }
    >
      <planeGeometry
        args={
          [
            1,
            1,
          ]
        }
      />
      <meshStandardMaterial
        color="#80c0ff"
        emissive="#80c0ff"
        emissiveIntensity={0.8}
        toneMapped={false}
      />
    </mesh>
    <mesh
      position={
        [
          2.1839999999999997,
          39.36666666666667,
          0.11,
        ]
      }
      scale={
        [
          0.8399999999999999,
          2.3333333333333335,
          1,
        ]
      }
    >
      <planeGeometry
        args={
          [
            1,
            1,
          ]
        }
      />
      <meshStandardMaterial
        color="#80c0ff"
        emissive="#80c0ff"
        emissiveIntensity={0.8}
        toneMapped={false}
      />
    </mesh>
  </group>
  <group
    position={
      [
        0,
        40,
        0,
      ]
    }
  >
    <mesh
      castShadow={true}
      position={
        [
          0,
          0.25,
          0,
        ]
      }
    >
      <boxGeometry
        args={
          [
            5.699999999999999,
            0.5,
            5.699999999999999,
          ]
        }
      />
      <meshStandardMaterial
        color="#3a5a7b"
      />
    </mesh>
  </group>
  <mesh
    position={
      [
        0,
        12,
        3.1,
      ]
    }
  >
    <planeGeometry
      args={
        [
          3.5999999999999996,
          1,
        ]
      }
    />
    <meshStandardMaterial
      color="#00d4ff"
      emissive="#00d4ff"
      emissiveIntensity={0.7}
      toneMapped={false}
    />
  </mesh>
</group>
`;
